Archive member included to satisfy reference by file (symbol)

c:/ac6/systemworkbench/plugins/fr.ac6.mcu.externaltools.arm-none.win32_1.16.0.201807130628/tools/compiler/bin/../lib/gcc/arm-none-eabi/7.2.1/thumb/v6-m\libgcc.a(_udivsi3.o)
                              StdPeriph_Driver/src/stm32f0xx_rcc.o (__aeabi_uidiv)
c:/ac6/systemworkbench/plugins/fr.ac6.mcu.externaltools.arm-none.win32_1.16.0.201807130628/tools/compiler/bin/../lib/gcc/arm-none-eabi/7.2.1/thumb/v6-m\libgcc.a(_dvmd_tls.o)
                              c:/ac6/systemworkbench/plugins/fr.ac6.mcu.externaltools.arm-none.win32_1.16.0.201807130628/tools/compiler/bin/../lib/gcc/arm-none-eabi/7.2.1/thumb/v6-m\libgcc.a(_udivsi3.o) (__aeabi_idiv0)
c:/ac6/systemworkbench/plugins/fr.ac6.mcu.externaltools.arm-none.win32_1.16.0.201807130628/tools/compiler/bin/../lib/gcc/arm-none-eabi/7.2.1/thumb/v6-m\libgcc.a(_arm_cmpdf2.o)
                              src/main.o (__aeabi_dcmplt)
c:/ac6/systemworkbench/plugins/fr.ac6.mcu.externaltools.arm-none.win32_1.16.0.201807130628/tools/compiler/bin/../lib/gcc/arm-none-eabi/7.2.1/thumb/v6-m\libgcc.a(adddf3.o)
                              src/main.o (__aeabi_dadd)
c:/ac6/systemworkbench/plugins/fr.ac6.mcu.externaltools.arm-none.win32_1.16.0.201807130628/tools/compiler/bin/../lib/gcc/arm-none-eabi/7.2.1/thumb/v6-m\libgcc.a(divdf3.o)
                              src/main.o (__aeabi_ddiv)
c:/ac6/systemworkbench/plugins/fr.ac6.mcu.externaltools.arm-none.win32_1.16.0.201807130628/tools/compiler/bin/../lib/gcc/arm-none-eabi/7.2.1/thumb/v6-m\libgcc.a(eqdf2.o)
                              c:/ac6/systemworkbench/plugins/fr.ac6.mcu.externaltools.arm-none.win32_1.16.0.201807130628/tools/compiler/bin/../lib/gcc/arm-none-eabi/7.2.1/thumb/v6-m\libgcc.a(_arm_cmpdf2.o) (__eqdf2)
c:/ac6/systemworkbench/plugins/fr.ac6.mcu.externaltools.arm-none.win32_1.16.0.201807130628/tools/compiler/bin/../lib/gcc/arm-none-eabi/7.2.1/thumb/v6-m\libgcc.a(gedf2.o)
                              c:/ac6/systemworkbench/plugins/fr.ac6.mcu.externaltools.arm-none.win32_1.16.0.201807130628/tools/compiler/bin/../lib/gcc/arm-none-eabi/7.2.1/thumb/v6-m\libgcc.a(_arm_cmpdf2.o) (__gedf2)
c:/ac6/systemworkbench/plugins/fr.ac6.mcu.externaltools.arm-none.win32_1.16.0.201807130628/tools/compiler/bin/../lib/gcc/arm-none-eabi/7.2.1/thumb/v6-m\libgcc.a(ledf2.o)
                              c:/ac6/systemworkbench/plugins/fr.ac6.mcu.externaltools.arm-none.win32_1.16.0.201807130628/tools/compiler/bin/../lib/gcc/arm-none-eabi/7.2.1/thumb/v6-m\libgcc.a(_arm_cmpdf2.o) (__ledf2)
c:/ac6/systemworkbench/plugins/fr.ac6.mcu.externaltools.arm-none.win32_1.16.0.201807130628/tools/compiler/bin/../lib/gcc/arm-none-eabi/7.2.1/thumb/v6-m\libgcc.a(muldf3.o)
                              src/main.o (__aeabi_dmul)
c:/ac6/systemworkbench/plugins/fr.ac6.mcu.externaltools.arm-none.win32_1.16.0.201807130628/tools/compiler/bin/../lib/gcc/arm-none-eabi/7.2.1/thumb/v6-m\libgcc.a(subdf3.o)
                              src/main.o (__aeabi_dsub)
c:/ac6/systemworkbench/plugins/fr.ac6.mcu.externaltools.arm-none.win32_1.16.0.201807130628/tools/compiler/bin/../lib/gcc/arm-none-eabi/7.2.1/thumb/v6-m\libgcc.a(fixdfsi.o)
                              src/main.o (__aeabi_d2iz)
c:/ac6/systemworkbench/plugins/fr.ac6.mcu.externaltools.arm-none.win32_1.16.0.201807130628/tools/compiler/bin/../lib/gcc/arm-none-eabi/7.2.1/thumb/v6-m\libgcc.a(floatsidf.o)
                              src/main.o (__aeabi_i2d)
c:/ac6/systemworkbench/plugins/fr.ac6.mcu.externaltools.arm-none.win32_1.16.0.201807130628/tools/compiler/bin/../lib/gcc/arm-none-eabi/7.2.1/thumb/v6-m\libgcc.a(_clzsi2.o)
                              c:/ac6/systemworkbench/plugins/fr.ac6.mcu.externaltools.arm-none.win32_1.16.0.201807130628/tools/compiler/bin/../lib/gcc/arm-none-eabi/7.2.1/thumb/v6-m\libgcc.a(adddf3.o) (__clzsi2)
c:/ac6/systemworkbench/plugins/fr.ac6.mcu.externaltools.arm-none.win32_1.16.0.201807130628/tools/compiler/bin/../lib/gcc/arm-none-eabi/7.2.1/../../../../arm-none-eabi/lib/thumb/v6-m\libc.a(lib_a-errno.o)
                              src/syscalls.o (__errno)
c:/ac6/systemworkbench/plugins/fr.ac6.mcu.externaltools.arm-none.win32_1.16.0.201807130628/tools/compiler/bin/../lib/gcc/arm-none-eabi/7.2.1/../../../../arm-none-eabi/lib/thumb/v6-m\libc.a(lib_a-exit.o)
                              c:/ac6/systemworkbench/plugins/fr.ac6.mcu.externaltools.arm-none.win32_1.16.0.201807130628/tools/compiler/bin/../lib/gcc/arm-none-eabi/7.2.1/../../../../arm-none-eabi/lib/thumb/v6-m/crt0.o (exit)
c:/ac6/systemworkbench/plugins/fr.ac6.mcu.externaltools.arm-none.win32_1.16.0.201807130628/tools/compiler/bin/../lib/gcc/arm-none-eabi/7.2.1/../../../../arm-none-eabi/lib/thumb/v6-m\libc.a(lib_a-impure.o)
                              c:/ac6/systemworkbench/plugins/fr.ac6.mcu.externaltools.arm-none.win32_1.16.0.201807130628/tools/compiler/bin/../lib/gcc/arm-none-eabi/7.2.1/../../../../arm-none-eabi/lib/thumb/v6-m\libc.a(lib_a-exit.o) (_global_impure_ptr)
[...]
Memory Configuration

Name             Origin             Length             Attributes
FLASH            0x08000000         0x00010000         xr
RAM              0x20000000         0x00002000         xrw
*default*        0x00000000         0xffffffff

Linker script and memory map

LOAD c:/ac6/systemworkbench/plugins/fr.ac6.mcu.externaltools.arm-none.win32_1.16.0.201807130628/tools/compiler/bin/../lib/gcc/arm-none-eabi/7.2.1/thumb/v6-m/crti.o
LOAD c:/ac6/systemworkbench/plugins/fr.ac6.mcu.externaltools.arm-none.win32_1.16.0.201807130628/tools/compiler/bin/../lib/gcc/arm-none-eabi/7.2.1/thumb/v6-m/crtbegin.o
LOAD c:/ac6/systemworkbench/plugins/fr.ac6.mcu.externaltools.arm-none.win32_1.16.0.201807130628/tools/compiler/bin/../lib/gcc/arm-none-eabi/7.2.1/../../../../arm-none-eabi/lib/thumb/v6-m/crt0.o
LOAD StdPeriph_Driver/src/stm32f0xx_adc.o
LOAD StdPeriph_Driver/src/stm32f0xx_cec.o
LOAD StdPeriph_Driver/src/stm32f0xx_comp.o
LOAD StdPeriph_Driver/src/stm32f0xx_crc.o
LOAD StdPeriph_Driver/src/stm32f0xx_dac.o
LOAD StdPeriph_Driver/src/stm32f0xx_dbgmcu.o
LOAD StdPeriph_Driver/src/stm32f0xx_dma.o
LOAD StdPeriph_Driver/src/stm32f0xx_exti.o
LOAD StdPeriph_Driver/src/stm32f0xx_flash.o
LOAD StdPeriph_Driver/src/stm32f0xx_gpio.o
LOAD StdPeriph_Driver/src/stm32f0xx_i2c.o
LOAD StdPeriph_Driver/src/stm32f0xx_iwdg.o
LOAD StdPeriph_Driver/src/stm32f0xx_misc.o
LOAD StdPeriph_Driver/src/stm32f0xx_pwr.o
LOAD StdPeriph_Driver/src/stm32f0xx_rcc.o
LOAD StdPeriph_Driver/src/stm32f0xx_rtc.o
LOAD StdPeriph_Driver/src/stm32f0xx_spi.o
LOAD StdPeriph_Driver/src/stm32f0xx_syscfg.o
LOAD StdPeriph_Driver/src/stm32f0xx_tim.o
LOAD StdPeriph_Driver/src/stm32f0xx_usart.o
LOAD StdPeriph_Driver/src/stm32f0xx_wwdg.o
LOAD Utilities/stm32f0_discovery.o
LOAD src/SPILCD.o
LOAD src/adc.o
LOAD src/main.o
LOAD src/syscalls.o
LOAD src/system_stm32f0xx.o
LOAD src/table.o
LOAD src/usartf0.o
LOAD startup/startup_stm32f0xx.o
LOAD c:/ac6/systemworkbench/plugins/fr.ac6.mcu.externaltools.arm-none.win32_1.16.0.201807130628/tools/compiler/bin/../lib/gcc/arm-none-eabi/7.2.1/../../../../arm-none-eabi/lib/thumb/v6-m\libm.a
START GROUP
LOAD c:/ac6/systemworkbench/plugins/fr.ac6.mcu.externaltools.arm-none.win32_1.16.0.201807130628/tools/compiler/bin/../lib/gcc/arm-none-eabi/7.2.1/thumb/v6-m\libgcc.a
LOAD c:/ac6/systemworkbench/plugins/fr.ac6.mcu.externaltools.arm-none.win32_1.16.0.201807130628/tools/compiler/bin/../lib/gcc/arm-none-eabi/7.2.1/../../../../arm-none-eabi/lib/thumb/v6-m\libc.a
END GROUP
LOAD c:/ac6/systemworkbench/plugins/fr.ac6.mcu.externaltools.arm-none.win32_1.16.0.201807130628/tools/compiler/bin/../lib/gcc/arm-none-eabi/7.2.1/thumb/v6-m/crtend.o
LOAD c:/ac6/systemworkbench/plugins/fr.ac6.mcu.externaltools.arm-none.win32_1.16.0.201807130628/tools/compiler/bin/../lib/gcc/arm-none-eabi/7.2.1/thumb/v6-m/crtn.o
                0x20002000                _estack = 0x20002000
                0x00000000                _Min_Heap_Size = 0x0
                0x00000080                _Min_Stack_Size = 0x80

.isr_vector     0x08000000       0xc4
                0x08000000                . = ALIGN (0x4)
 *(.isr_vector)
 .isr_vector    0x08000000       0xc4 startup/startup_stm32f0xx.o
                0x08000000                g_pfnVectors
                0x080000c4                . = ALIGN (0x4)

.text           0x080000c4     0x5f1c
                0x080000c4                . = ALIGN (0x4)
 *(.text)
 .text          0x080000c4       0x48 c:/ac6/systemworkbench/plugins/fr.ac6.mcu.externaltools.arm-none.win32_1.16.0.201807130628/tools/compiler/bin/../lib/gcc/arm-none-eabi/7.2.1/thumb/v6-m/crtbegin.o
 .text          0x0800010c      0x114 c:/ac6/systemworkbench/plugins/fr.ac6.mcu.externaltools.arm-none.win32_1.16.0.201807130628/tools/compiler/bin/../lib/gcc/arm-none-eabi/7.2.1/thumb/v6-m\libgcc.a(_udivsi3.o)
                0x0800010c                __aeabi_uidiv
                0x0800010c                __udivsi3
                0x08000218                __aeabi_uidivmod
 .text          0x08000220        0x4 c:/ac6/systemworkbench/plugins/fr.ac6.mcu.externaltools.arm-none.win32_1.16.0.201807130628/tools/compiler/bin/../lib/gcc/arm-none-eabi/7.2.1/thumb/v6-m\libgcc.a(_dvmd_tls.o)
                0x08000220                __aeabi_idiv0
                0x08000220                __aeabi_ldiv0
 .text          0x08000224       0x7c c:/ac6/systemworkbench/plugins/fr.ac6.mcu.externaltools.arm-none.win32_1.16.0.201807130628/tools/compiler/bin/../lib/gcc/arm-none-eabi/7.2.1/thumb/v6-m\libgcc.a(_arm_cmpdf2.o)
                0x08000224                __aeabi_cdrcmple
                0x08000234                __aeabi_cdcmple
                0x08000234                __aeabi_cdcmpeq
                0x08000244                __aeabi_dcmpeq
                0x08000250                __aeabi_dcmplt
                0x08000264                __aeabi_dcmple
                0x08000278                __aeabi_dcmpgt
                0x0800028c                __aeabi_dcmpge
 .text          0x080002a0      0x638 c:/ac6/systemworkbench/plugins/fr.ac6.mcu.externaltools.arm-none.win32_1.16.0.201807130628/tools/compiler/bin/../lib/gcc/arm-none-eabi/7.2.1/thumb/v6-m\libgcc.a(adddf3.o)
                0x080002a0                __aeabi_dadd
 .text          0x080008d8      0x604 c:/ac6/systemworkbench/plugins/fr.ac6.mcu.externaltools.arm-none.win32_1.16.0.201807130628/tools/compiler/bin/../lib/gcc/arm-none-eabi/7.2.1/thumb/v6-m\libgcc.a(divdf3.o)
                0x080008d8                __aeabi_ddiv
 .text          0x08000edc       0x78 c:/ac6/systemworkbench/plugins/fr.ac6.mcu.externaltools.arm-none.win32_1.16.0.201807130628/tools/compiler/bin/../lib/gcc/arm-none-eabi/7.2.1/thumb/v6-m\libgcc.a(eqdf2.o)
                0x08000edc                __nedf2
                0x08000edc                __eqdf2
 .text          0x08000f54       0xc8 c:/ac6/systemworkbench/plugins/fr.ac6.mcu.externaltools.arm-none.win32_1.16.0.201807130628/tools/compiler/bin/../lib/gcc/arm-none-eabi/7.2.1/thumb/v6-m\libgcc.a(gedf2.o)
                0x08000f54                __gedf2
                0x08000f54                __gtdf2
 .text          0x0800101c       0xd0 c:/ac6/systemworkbench/plugins/fr.ac6.mcu.externaltools.arm-none.win32_1.16.0.201807130628/tools/compiler/bin/../lib/gcc/arm-none-eabi/7.2.1/thumb/v6-m\libgcc.a(ledf2.o)
                0x0800101c                __ledf2
                0x0800101c                __ltdf2
 .text          0x080010ec      0x4e4 c:/ac6/systemworkbench/plugins/fr.ac6.mcu.externaltools.arm-none.win32_1.16.0.201807130628/tools/compiler/bin/../lib/gcc/arm-none-eabi/7.2.1/thumb/v6-m\libgcc.a(muldf3.o)
                0x080010ec                __aeabi_dmul
 .text          0x080015d0      0x690 c:/ac6/systemworkbench/plugins/fr.ac6.mcu.externaltools.arm-none.win32_1.16.0.201807130628/tools/compiler/bin/../lib/gcc/arm-none-eabi/7.2.1/thumb/v6-m\libgcc.a(subdf3.o)
                0x080015d0                __aeabi_dsub
 .text          0x08001c60       0x6c c:/ac6/systemworkbench/plugins/fr.ac6.mcu.externaltools.arm-none.win32_1.16.0.201807130628/tools/compiler/bin/../lib/gcc/arm-none-eabi/7.2.1/thumb/v6-m\libgcc.a(fixdfsi.o)
                0x08001c60                __aeabi_d2iz
 .text          0x08001ccc       0x74 c:/ac6/systemworkbench/plugins/fr.ac6.mcu.externaltools.arm-none.win32_1.16.0.201807130628/tools/compiler/bin/../lib/gcc/arm-none-eabi/7.2.1/thumb/v6-m\libgcc.a(floatsidf.o)
                0x08001ccc                __aeabi_i2d
 .text          0x08001d40       0x3c c:/ac6/systemworkbench/plugins/fr.ac6.mcu.externaltools.arm-none.win32_1.16.0.201807130628/tools/compiler/bin/../lib/gcc/arm-none-eabi/7.2.1/thumb/v6-m\libgcc.a(_clzsi2.o)
                0x08001d40                __clzsi2
 .text          0x08001d7c       0x88 c:/ac6/systemworkbench/plugins/fr.ac6.mcu.externaltools.arm-none.win32_1.16.0.201807130628/tools/compiler/bin/../lib/gcc/arm-none-eabi/7.2.1/../../../../arm-none-eabi/lib/thumb/v6-m\libc.a(lib_a-strcmp.o)
                0x08001d7c                strcmp
 *(.text*)
 .text.EXTI_Init
                0x08001e04       0xe0 StdPeriph_Driver/src/stm32f0xx_exti.o
                0x08001e04                EXTI_Init
 .text.EXTI_GetITStatus
                0x08001ee4       0x54 StdPeriph_Driver/src/stm32f0xx_exti.o
                0x08001ee4                EXTI_GetITStatus
 .text.EXTI_ClearITPendingBit
                0x08001f38       0x1c StdPeriph_Driver/src/stm32f0xx_exti.o
                0x08001f38                EXTI_ClearITPendingBit
 .text.GPIO_Init
                0x08001f54      0x126 StdPeriph_Driver/src/stm32f0xx_gpio.o
                0x08001f54                GPIO_Init
 .text.GPIO_ReadInputDataBit
                0x0800207a       0x48 StdPeriph_Driver/src/stm32f0xx_gpio.o
                0x0800207a                GPIO_ReadInputDataBit
 *fill*         0x080020c2        0x2 
 .text.NVIC_Init
                0x080020c4       0xac StdPeriph_Driver/src/stm32f0xx_misc.o
                0x080020c4                NVIC_Init
 .text.RCC_GetClocksFreq
                0x08002170      0x1e8 StdPeriph_Driver/src/stm32f0xx_rcc.o
                0x08002170                RCC_GetClocksFreq
 .text.RCC_AHBPeriphClockCmd
                0x08002358       0x40 StdPeriph_Driver/src/stm32f0xx_rcc.o
                0x08002358                RCC_AHBPeriphClockCmd
 .text.RCC_APB2PeriphClockCmd
                0x08002398       0x40 StdPeriph_Driver/src/stm32f0xx_rcc.o
                0x08002398                RCC_APB2PeriphClockCmd
 .text.SYSCFG_EXTILineConfig
                0x080023d8       0x90 StdPeriph_Driver/src/stm32f0xx_syscfg.o
                0x080023d8                SYSCFG_EXTILineConfig
 .text.USART_Init
                0x08002468      0x180 StdPeriph_Driver/src/stm32f0xx_usart.o
                0x08002468                USART_Init
 .text.USART_Cmd
                0x080025e8       0x3a StdPeriph_Driver/src/stm32f0xx_usart.o
                0x080025e8                USART_Cmd
 .text.USART_ReceiveData
                0x08002622       0x1c StdPeriph_Driver/src/stm32f0xx_usart.o
                0x08002622                USART_ReceiveData
 .text.USART_ITConfig
                0x0800263e       0x84 StdPeriph_Driver/src/stm32f0xx_usart.o
                0x0800263e                USART_ITConfig
 .text.USART_GetFlagStatus
                0x080026c2       0x3c StdPeriph_Driver/src/stm32f0xx_usart.o
                0x080026c2                USART_GetFlagStatus
 *fill*         0x080026fe        0x2 
 .text.sendCommand
                0x08002700       0x58 src/SPILCD.o
                0x08002700                sendCommand
 .text.sendPixel
                0x08002758       0x72 src/SPILCD.o
                0x08002758                sendPixel
 .text.sendColor
                0x080027ca       0x58 src/SPILCD.o
                0x080027ca                sendColor
 *fill*         0x08002822        0x2 
 .text.GPIOBinit
                0x08002824       0x90 src/SPILCD.o
                0x08002824                GPIOBinit
 .text.SPIinit  0x080028b4       0xd0 src/SPILCD.o
                0x080028b4                SPIinit
 .text.write16Bits
                0x08002984       0x34 src/SPILCD.o
                0x08002984                write16Bits
 .text.write8Bits
                0x080029b8       0x38 src/SPILCD.o
                0x080029b8                write8Bits
 .text.GPIOAinit
                0x080029f0       0x7c src/SPILCD.o
                0x080029f0                GPIOAinit
 .text.write32Bits
                0x08002a6c       0x3e src/SPILCD.o
                0x08002a6c                write32Bits
 *fill*         0x08002aaa        0x2 
 .text.begin    0x08002aac       0x80 src/SPILCD.o
                0x08002aac                begin
 .text.nano_wait
                0x08002b2c       0x18 src/SPILCD.o
                0x08002b2c                nano_wait
 .text.readAddr
                0x08002b44       0x14 src/SPILCD.o
                0x08002b44                readAddr
 .text.lcd_clear
                0x08002b58       0x7c src/SPILCD.o
                0x08002b58                lcd_clear
 .text.setDisplay
                0x08002bd4      0x146 src/SPILCD.o
                0x08002bd4                setDisplay
 *fill*         0x08002d1a        0x2 
 .text.dispChar
                0x08002d1c      0x1ac src/SPILCD.o
                0x08002d1c                dispChar
 .text.setAddressWindow
                0x08002ec8       0x7c src/SPILCD.o
                0x08002ec8                setAddressWindow
 .text.displayHome
                0x08002f44       0x94 src/adc.o
                0x08002f44                displayHome
 .text.setup_gpiox
                0x08002fd8       0xac src/adc.o
                0x08002fd8                setup_gpiox
 .text.setup_gpioy
                0x08003084       0xac src/adc.o
                0x08003084                setup_gpioy
 .text.setup_adc
                0x08003130       0x44 src/adc.o
                0x08003130                setup_adc
 .text.read_adc_channel
                0x08003174       0x58 src/adc.o
                0x08003174                read_adc_channel
 .text.read_x   0x080031cc       0xa4 src/adc.o
                0x080031cc                read_x
 .text.read_y   0x08003270       0xa4 src/adc.o
                0x08003270                read_y
 .text.DrawGrid
                0x08003314       0x30 src/main.o
                0x08003314                DrawGrid
 .text.writeWord
                0x08003344       0x58 src/main.o
                0x08003344                writeWord
 .text.writeNum
                0x0800339c       0x36 src/main.o
                0x0800339c                writeNum
 *fill*         0x080033d2        0x2 
 .text.EXTI0_1_IRQHandler
                0x080033d4       0xc4 src/main.o
                0x080033d4                EXTI0_1_IRQHandler
 .text.main     0x08003498      0x6f4 src/main.o
                0x08003498                main
 .text.SystemInit
                0x08003b8c       0x8c src/system_stm32f0xx.o
                0x08003b8c                SystemInit
 .text.SetSysClock
                0x08003c18       0x94 src/system_stm32f0xx.o
 .text.initializeArrays
                0x08003cac      0xd8c src/table.o
                0x08003cac                initializeArrays
 .text.initTable
                0x08004a38       0x6e src/table.o
                0x08004a38                initTable
 .text.getInfoIndex
                0x08004aa6       0x4a src/table.o
                0x08004aa6                getInfoIndex
 .text.startTable
                0x08004af0       0x34 src/usartf0.o
                0x08004af0                startTable
 .text.delay    0x08004b24       0x1e src/usartf0.o
                0x08004b24                delay
 .text.NVIC_Configuration
                0x08004b42       0x22 src/usartf0.o
                0x08004b42                NVIC_Configuration
 .text.InitGpioUsart
                0x08004b64       0x90 src/usartf0.o
                0x08004b64                InitGpioUsart
 .text.USART1_IRQHandler
                0x08004bf4      0x158 src/usartf0.o
                0x08004bf4                USART1_IRQHandler
 .text.InitUsart1
                0x08004d4c       0x70 src/usartf0.o
                0x08004d4c                InitUsart1
 .text.Reset_Handler
                0x08004dbc       0x50 startup/startup_stm32f0xx.o
                0x08004dbc                Reset_Handler
 .text.Default_Handler
                0x08004e0c        0x2 startup/startup_stm32f0xx.o
                0x08004e0c                TIM1_CC_IRQHandler
                0x08004e0c                HardFault_Handler
                0x08004e0c                ADC1_COMP_IRQHandler
                0x08004e0c                SysTick_Handler
                0x08004e0c                PVD_IRQHandler
                0x08004e0c                PendSV_Handler
                0x08004e0c                NMI_Handler
                0x08004e0c                I2C1_IRQHandler
                0x08004e0c                SPI1_IRQHandler
                0x08004e0c                TIM6_DAC_IRQHandler
                0x08004e0c                EXTI2_3_IRQHandler
                0x08004e0c                I2C2_IRQHandler
                0x08004e0c                TIM17_IRQHandler
                0x08004e0c                RTC_IRQHandler
                0x08004e0c                TIM16_IRQHandler
                0x08004e0c                TIM3_IRQHandler
                0x08004e0c                EXTI4_15_IRQHandler
                0x08004e0c                RCC_IRQHandler
                0x08004e0c                DMA1_Channel1_IRQHandler
                0x08004e0c                Default_Handler
                0x08004e0c                CEC_IRQHandler
                0x08004e0c                TIM14_IRQHandler
                0x08004e0c                DMA1_Channel4_5_IRQHandler
                0x08004e0c                TIM15_IRQHandler
                0x08004e0c                SPI2_IRQHandler
                0x08004e0c                SVC_Handler
                0x08004e0c                TS_IRQHandler
                0x08004e0c                WWDG_IRQHandler
                0x08004e0c                TIM2_IRQHandler
                0x08004e0c                DMA1_Channel2_3_IRQHandler
                0x08004e0c                USART2_IRQHandler
                0x08004e0c                FLASH_IRQHandler
                0x08004e0c                TIM1_BRK_UP_TRG_COM_IRQHandler
 *fill*         0x08004e0e        0x2 
 .text.__libc_init_array
                0x08004e10       0x48 c:/ac6/systemworkbench/plugins/fr.ac6.mcu.externaltools.arm-none.win32_1.16.0.201807130628/tools/compiler/bin/../lib/gcc/arm-none-eabi/7.2.1/../../../../arm-none-eabi/lib/thumb/v6-m\libc.a(lib_a-init.o)
                0x08004e10                __libc_init_array
 .text.__itoa   0x08004e58       0x30 c:/ac6/systemworkbench/plugins/fr.ac6.mcu.externaltools.arm-none.win32_1.16.0.201807130628/tools/compiler/bin/../lib/gcc/arm-none-eabi/7.2.1/../../../../arm-none-eabi/lib/thumb/v6-m\libc.a(lib_a-itoa.o)
                0x08004e58                __itoa
 .text.itoa     0x08004e88        0x8 c:/ac6/systemworkbench/plugins/fr.ac6.mcu.externaltools.arm-none.win32_1.16.0.201807130628/tools/compiler/bin/../lib/gcc/arm-none-eabi/7.2.1/../../../../arm-none-eabi/lib/thumb/v6-m\libc.a(lib_a-itoa.o)
                0x08004e88                itoa
 .text.memset   0x08004e90       0x9c c:/ac6/systemworkbench/plugins/fr.ac6.mcu.externaltools.arm-none.win32_1.16.0.201807130628/tools/compiler/bin/../lib/gcc/arm-none-eabi/7.2.1/../../../../arm-none-eabi/lib/thumb/v6-m\libc.a(lib_a-memset.o)
                0x08004e90                memset
 .text.__utoa   0x08004f2c       0x70 c:/ac6/systemworkbench/plugins/fr.ac6.mcu.externaltools.arm-none.win32_1.16.0.201807130628/tools/compiler/bin/../lib/gcc/arm-none-eabi/7.2.1/../../../../arm-none-eabi/lib/thumb/v6-m\libc.a(lib_a-utoa.o)
                0x08004f2c                __utoa
 .text.startup.register_fini
                0x08004f9c       0x18 c:/ac6/systemworkbench/plugins/fr.ac6.mcu.externaltools.arm-none.win32_1.16.0.201807130628/tools/compiler/bin/../lib/gcc/arm-none-eabi/7.2.1/../../../../arm-none-eabi/lib/thumb/v6-m\libc.a(lib_a-__call_atexit.o)
 .text.atexit   0x08004fb4       0x10 c:/ac6/systemworkbench/plugins/fr.ac6.mcu.externaltools.arm-none.win32_1.16.0.201807130628/tools/compiler/bin/../lib/gcc/arm-none-eabi/7.2.1/../../../../arm-none-eabi/lib/thumb/v6-m\libc.a(lib_a-atexit.o)
                0x08004fb4                atexit
 .text.__libc_fini_array
                0x08004fc4       0x34 c:/ac6/systemworkbench/plugins/fr.ac6.mcu.externaltools.arm-none.win32_1.16.0.201807130628/tools/compiler/bin/../lib/gcc/arm-none-eabi/7.2.1/../../../../arm-none-eabi/lib/thumb/v6-m\libc.a(lib_a-fini.o)
                0x08004fc4                __libc_fini_array
 .text.__retarget_lock_acquire_recursive
                0x08004ff8        0x4 c:/ac6/systemworkbench/plugins/fr.ac6.mcu.externaltools.arm-none.win32_1.16.0.201807130628/tools/compiler/bin/../lib/gcc/arm-none-eabi/7.2.1/../../../../arm-none-eabi/lib/thumb/v6-m\libc.a(lib_a-lock.o)
                0x08004ff8                __retarget_lock_acquire_recursive
 .text.__retarget_lock_release_recursive
                0x08004ffc        0x4 c:/ac6/systemworkbench/plugins/fr.ac6.mcu.externaltools.arm-none.win32_1.16.0.201807130628/tools/compiler/bin/../lib/gcc/arm-none-eabi/7.2.1/../../../../arm-none-eabi/lib/thumb/v6-m\libc.a(lib_a-lock.o)
                0x08004ffc                __retarget_lock_release_recursive
 .text.__register_exitproc
                0x08005000       0xf4 c:/ac6/systemworkbench/plugins/fr.ac6.mcu.externaltools.arm-none.win32_1.16.0.201807130628/tools/compiler/bin/../lib/gcc/arm-none-eabi/7.2.1/../../../../arm-none-eabi/lib/thumb/v6-m\libc.a(lib_a-__atexit.o)
                0x08005000                __register_exitproc
 *(.rodata)
 .rodata        0x080050f4      0x6c0 src/SPILCD.o
                0x080050f4                wrap
                0x080050f8                font
 .rodata        0x080057b4       0x1e src/adc.o
 *fill*         0x080057d2        0x2 
 .rodata        0x080057d4       0x18 src/main.o
 .rodata        0x080057ec      0x72e src/table.o
 *fill*         0x08005f1a        0x2 
 .rodata        0x08005f1c       0x40 c:/ac6/systemworkbench/plugins/fr.ac6.mcu.externaltools.arm-none.win32_1.16.0.201807130628/tools/compiler/bin/../lib/gcc/arm-none-eabi/7.2.1/thumb/v6-m\libgcc.a(divdf3.o)
 .rodata        0x08005f5c       0x40 c:/ac6/systemworkbench/plugins/fr.ac6.mcu.externaltools.arm-none.win32_1.16.0.201807130628/tools/compiler/bin/../lib/gcc/arm-none-eabi/7.2.1/thumb/v6-m\libgcc.a(muldf3.o)
 *(.rodata*)
 .rodata._global_impure_ptr
                0x08005f9c        0x4 c:/ac6/systemworkbench/plugins/fr.ac6.mcu.externaltools.arm-none.win32_1.16.0.201807130628/tools/compiler/bin/../lib/gcc/arm-none-eabi/7.2.1/../../../../arm-none-eabi/lib/thumb/v6-m\libc.a(lib_a-impure.o)
                0x08005f9c                _global_impure_ptr
 .rodata.__utoa.str1.4
                0x08005fa0       0x28 c:/ac6/systemworkbench/plugins/fr.ac6.mcu.externaltools.arm-none.win32_1.16.0.201807130628/tools/compiler/bin/../lib/gcc/arm-none-eabi/7.2.1/../../../../arm-none-eabi/lib/thumb/v6-m\libc.a(lib_a-utoa.o)
                                 0x25 (size before relaxing)
 *(.glue_7)
 .glue_7        0x08005fc8        0x0 linker stubs
 *(.glue_7t)
 .glue_7t       0x08005fc8        0x0 linker stubs
 *(.eh_frame)
 .eh_frame      0x08005fc8        0x0 c:/ac6/systemworkbench/plugins/fr.ac6.mcu.externaltools.arm-none.win32_1.16.0.201807130628/tools/compiler/bin/../lib/gcc/arm-none-eabi/7.2.1/thumb/v6-m/crtbegin.o
 *(.init)
 .init          0x08005fc8        0x4 c:/ac6/systemworkbench/plugins/fr.ac6.mcu.externaltools.arm-none.win32_1.16.0.201807130628/tools/compiler/bin/../lib/gcc/arm-none-eabi/7.2.1/thumb/v6-m/crti.o
                0x08005fc8                _init
 .init          0x08005fcc        0x8 c:/ac6/systemworkbench/plugins/fr.ac6.mcu.externaltools.arm-none.win32_1.16.0.201807130628/tools/compiler/bin/../lib/gcc/arm-none-eabi/7.2.1/thumb/v6-m/crtn.o
 *(.fini)
 .fini          0x08005fd4        0x4 c:/ac6/systemworkbench/plugins/fr.ac6.mcu.externaltools.arm-none.win32_1.16.0.201807130628/tools/compiler/bin/../lib/gcc/arm-none-eabi/7.2.1/thumb/v6-m/crti.o
                0x08005fd4                _fini
 .fini          0x08005fd8        0x8 c:/ac6/systemworkbench/plugins/fr.ac6.mcu.externaltools.arm-none.win32_1.16.0.201807130628/tools/compiler/bin/../lib/gcc/arm-none-eabi/7.2.1/thumb/v6-m/crtn.o
                0x08005fe0                . = ALIGN (0x4)
                0x08005fe0                _etext = .

.vfp11_veneer   0x08005fe0        0x0
 .vfp11_veneer  0x08005fe0        0x0 linker stubs

.v4_bx          0x08005fe0        0x0
 .v4_bx         0x08005fe0        0x0 linker stubs

.iplt           0x08005fe0        0x0
 .iplt          0x08005fe0        0x0 c:/ac6/systemworkbench/plugins/fr.ac6.mcu.externaltools.arm-none.win32_1.16.0.201807130628/tools/compiler/bin/../lib/gcc/arm-none-eabi/7.2.1/thumb/v6-m/crtbegin.o

.rel.dyn        0x08005fe0        0x0
 .rel.iplt      0x08005fe0        0x0 c:/ac6/systemworkbench/plugins/fr.ac6.mcu.externaltools.arm-none.win32_1.16.0.201807130628/tools/compiler/bin/../lib/gcc/arm-none-eabi/7.2.1/thumb/v6-m/crtbegin.o

.ARM.extab
 *(.ARM.extab* .gnu.linkonce.armextab.*)

.ARM            0x08005fe0        0x0
                0x08005fe0                __exidx_start = .
 *(.ARM.exidx*)
                0x08005fe0                __exidx_end = .

.preinit_array  0x08005fe0        0x0
                0x08005fe0                PROVIDE (__preinit_array_start, .)
 *(.preinit_array*)
                0x08005fe0                PROVIDE (__preinit_array_end, .)

.init_array     0x08005fe0        0x8
                0x08005fe0                PROVIDE (__init_array_start, .)
 *(SORT_BY_NAME(.init_array.*))
 .init_array.00000
                0x08005fe0        0x4 c:/ac6/systemworkbench/plugins/fr.ac6.mcu.externaltools.arm-none.win32_1.16.0.201807130628/tools/compiler/bin/../lib/gcc/arm-none-eabi/7.2.1/../../../../arm-none-eabi/lib/thumb/v6-m\libc.a(lib_a-__call_atexit.o)
 *(.init_array*)
 .init_array    0x08005fe4        0x4 c:/ac6/systemworkbench/plugins/fr.ac6.mcu.externaltools.arm-none.win32_1.16.0.201807130628/tools/compiler/bin/../lib/gcc/arm-none-eabi/7.2.1/thumb/v6-m/crtbegin.o
                0x08005fe8                PROVIDE (__init_array_end, .)

.fini_array     0x08005fe8        0x4
                0x08005fe8                PROVIDE (__fini_array_start, .)
 *(SORT_BY_NAME(.fini_array.*))
 *(.fini_array*)
 .fini_array    0x08005fe8        0x4 c:/ac6/systemworkbench/plugins/fr.ac6.mcu.externaltools.arm-none.win32_1.16.0.201807130628/tools/compiler/bin/../lib/gcc/arm-none-eabi/7.2.1/thumb/v6-m/crtbegin.o
                0x08005fec                PROVIDE (__fini_array_end, .)
                0x08005fec                _sidata = LOADADDR (.data)

.data           0x20000000      0x46c load address 0x08005fec
                0x20000000                . = ALIGN (0x4)
                0x20000000                _sdata = .
 *(.data)
 .data          0x20000000       0x10 StdPeriph_Driver/src/stm32f0xx_rcc.o
 .data          0x20000010       0x28 src/main.o
                0x20000010                trig_val
                0x20000014                half_lim
                0x20000018                time_per
                0x2000001a                COLOR_AXIS
                0x2000001c                COLOR_GRAPH
                0x20000020                battery_mAh
                0x20000028                battery_percent
                0x20000030                ah_quanta
 .data          0x20000038        0x4 src/usartf0.o
                0x20000038                idx
 *(.data*)
 *fill*         0x2000003c        0x4 
 .data.impure_data
                0x20000040      0x428 c:/ac6/systemworkbench/plugins/fr.ac6.mcu.externaltools.arm-none.win32_1.16.0.201807130628/tools/compiler/bin/../lib/gcc/arm-none-eabi/7.2.1/../../../../arm-none-eabi/lib/thumb/v6-m\libc.a(lib_a-impure.o)
 .data.__atexit_recursive_mutex
                0x20000468        0x4 c:/ac6/systemworkbench/plugins/fr.ac6.mcu.externaltools.arm-none.win32_1.16.0.201807130628/tools/compiler/bin/../lib/gcc/arm-none-eabi/7.2.1/../../../../arm-none-eabi/lib/thumb/v6-m\libc.a(lib_a-__call_atexit.o)
                0x20000468                __atexit_recursive_mutex
                0x2000046c                . = ALIGN (0x4)
                0x2000046c                _edata = .

.igot.plt       0x2000046c        0x0 load address 0x08006458
 .igot.plt      0x2000046c        0x0 c:/ac6/systemworkbench/plugins/fr.ac6.mcu.externaltools.arm-none.win32_1.16.0.201807130628/tools/compiler/bin/../lib/gcc/arm-none-eabi/7.2.1/thumb/v6-m/crtbegin.o
                0x2000046c                . = ALIGN (0x4)

.bss            0x20000470      0x9d4 load address 0x08006458
                0x20000470                _sbss = .
                0x20000470                __bss_start__ = _sbss
 *(.bss)
 .bss           0x20000470       0x1c c:/ac6/systemworkbench/plugins/fr.ac6.mcu.externaltools.arm-none.win32_1.16.0.201807130628/tools/compiler/bin/../lib/gcc/arm-none-eabi/7.2.1/thumb/v6-m/crtbegin.o
 .bss           0x2000048c        0x4 src/usartf0.o
                0x2000048c                i
 *(.bss*)
 *(COMMON)
 COMMON         0x20000490       0x10 src/main.o
                0x20000490                array_address
                0x20000498                percent_quanta
 COMMON         0x200004a0      0x980 src/usartf0.o
                0x200004a0                table
                0x20000950                item
                0x20000970                aisle
                0x20000b00                price
                0x20000c90                items
 COMMON         0x20000e20       0x21 c:/ac6/systemworkbench/plugins/fr.ac6.mcu.externaltools.arm-none.win32_1.16.0.201807130628/tools/compiler/bin/../lib/gcc/arm-none-eabi/7.2.1/../../../../arm-none-eabi/lib/thumb/v6-m\libc.a(lib_a-lock.o)
                0x20000e20                __lock___atexit_recursive_mutex
                0x20000e24                __lock___arc4random_mutex
                0x20000e28                __lock___env_recursive_mutex
                0x20000e2c                __lock___sinit_recursive_mutex
                0x20000e30                __lock___malloc_recursive_mutex
                0x20000e34                __lock___at_quick_exit_mutex
                0x20000e38                __lock___dd_hash_mutex
                0x20000e3c                __lock___tz_mutex
                0x20000e40                __lock___sfp_recursive_mutex
                0x20000e44                . = ALIGN (0x4)
 *fill*         0x20000e41        0x3 
                0x20000e44                _ebss = .
                0x20000e44                __bss_end__ = _ebss

._user_heap_stack
                0x20000e44       0x84 load address 0x08006458
                0x20000e48                . = ALIGN (0x8)
 *fill*         0x20000e44        0x4 
                0x20000e48                PROVIDE (end, .)
                [!provide]                PROVIDE (_end, .)
                0x20000e48                . = (. + _Min_Heap_Size)
                0x20000ec8                . = (. + _Min_Stack_Size)
 *fill*         0x20000e48       0x80 
                0x20000ec8                . = ALIGN (0x8)

.ARM.attributes
                0x00000000       0x28
 *(.ARM.attributes)
 .ARM.attributes
                0x00000000       0x1e c:/ac6/systemworkbench/plugins/fr.ac6.mcu.externaltools.arm-none.win32_1.16.0.201807130628/tools/compiler/bin/../lib/gcc/arm-none-eabi/7.2.1/thumb/v6-m/crti.o
 .ARM.attributes
                0x0000001e       0x2c c:/ac6/systemworkbench/plugins/fr.ac6.mcu.externaltools.arm-none.win32_1.16.0.201807130628/tools/compiler/bin/../lib/gcc/arm-none-eabi/7.2.1/thumb/v6-m/crtbegin.o
 .ARM.attributes
                0x0000004a       0x31 StdPeriph_Driver/src/stm32f0xx_exti.o
 .ARM.attributes
                0x0000007b       0x31 StdPeriph_Driver/src/stm32f0xx_gpio.o
 .ARM.attributes
                0x000000ac       0x31 StdPeriph_Driver/src/stm32f0xx_misc.o
 .ARM.attributes
                0x000000dd       0x31 StdPeriph_Driver/src/stm32f0xx_rcc.o
 .ARM.attributes
                0x0000010e       0x31 StdPeriph_Driver/src/stm32f0xx_syscfg.o
 .ARM.attributes
                0x0000013f       0x31 StdPeriph_Driver/src/stm32f0xx_usart.o
 .ARM.attributes
                0x00000170       0x31 src/SPILCD.o
 .ARM.attributes
                0x000001a1       0x31 src/adc.o
 .ARM.attributes
                0x000001d2       0x31 src/main.o
 .ARM.attributes
                0x00000203       0x31 src/system_stm32f0xx.o
 .ARM.attributes
                0x00000234       0x31 src/table.o
 .ARM.attributes
                0x00000265       0x31 src/usartf0.o
 .ARM.attributes
                0x00000296       0x21 startup/startup_stm32f0xx.o
 .ARM.attributes
                0x000002b7       0x1e c:/ac6/systemworkbench/plugins/fr.ac6.mcu.externaltools.arm-none.win32_1.16.0.201807130628/tools/compiler/bin/../lib/gcc/arm-none-eabi/7.2.1/thumb/v6-m\libgcc.a(_udivsi3.o)
 .ARM.attributes
                0x000002d5       0x1e c:/ac6/systemworkbench/plugins/fr.ac6.mcu.externaltools.arm-none.win32_1.16.0.201807130628/tools/compiler/bin/../lib/gcc/arm-none-eabi/7.2.1/thumb/v6-m\libgcc.a(_dvmd_tls.o)
 .ARM.attributes
                0x000002f3       0x1e c:/ac6/systemworkbench/plugins/fr.ac6.mcu.externaltools.arm-none.win32_1.16.0.201807130628/tools/compiler/bin/../lib/gcc/arm-none-eabi/7.2.1/thumb/v6-m\libgcc.a(_arm_cmpdf2.o)
 .ARM.attributes
                0x00000311       0x2c c:/ac6/systemworkbench/plugins/fr.ac6.mcu.externaltools.arm-none.win32_1.16.0.201807130628/tools/compiler/bin/../lib/gcc/arm-none-eabi/7.2.1/thumb/v6-m\libgcc.a(adddf3.o)
 .ARM.attributes
                0x0000033d       0x2c c:/ac6/systemworkbench/plugins/fr.ac6.mcu.externaltools.arm-none.win32_1.16.0.201807130628/tools/compiler/bin/../lib/gcc/arm-none-eabi/7.2.1/thumb/v6-m\libgcc.a(divdf3.o)
 .ARM.attributes
                0x00000369       0x2c c:/ac6/systemworkbench/plugins/fr.ac6.mcu.externaltools.arm-none.win32_1.16.0.201807130628/tools/compiler/bin/../lib/gcc/arm-none-eabi/7.2.1/thumb/v6-m\libgcc.a(eqdf2.o)
 .ARM.attributes
                0x00000395       0x2c c:/ac6/systemworkbench/plugins/fr.ac6.mcu.externaltools.arm-none.win32_1.16.0.201807130628/tools/compiler/bin/../lib/gcc/arm-none-eabi/7.2.1/thumb/v6-m\libgcc.a(gedf2.o)
 .ARM.attributes
                0x000003c1       0x2c c:/ac6/systemworkbench/plugins/fr.ac6.mcu.externaltools.arm-none.win32_1.16.0.201807130628/tools/compiler/bin/../lib/gcc/arm-none-eabi/7.2.1/thumb/v6-m\libgcc.a(ledf2.o)
 .ARM.attributes
                0x000003ed       0x2c c:/ac6/systemworkbench/plugins/fr.ac6.mcu.externaltools.arm-none.win32_1.16.0.201807130628/tools/compiler/bin/../lib/gcc/arm-none-eabi/7.2.1/thumb/v6-m\libgcc.a(muldf3.o)
 .ARM.attributes
                0x00000419       0x2c c:/ac6/systemworkbench/plugins/fr.ac6.mcu.externaltools.arm-none.win32_1.16.0.201807130628/tools/compiler/bin/../lib/gcc/arm-none-eabi/7.2.1/thumb/v6-m\libgcc.a(subdf3.o)
 .ARM.attributes
                0x00000445       0x2c c:/ac6/systemworkbench/plugins/fr.ac6.mcu.externaltools.arm-none.win32_1.16.0.201807130628/tools/compiler/bin/../lib/gcc/arm-none-eabi/7.2.1/thumb/v6-m\libgcc.a(fixdfsi.o)
 .ARM.attributes
                0x00000471       0x2c c:/ac6/systemworkbench/plugins/fr.ac6.mcu.externaltools.arm-none.win32_1.16.0.201807130628/tools/compiler/bin/../lib/gcc/arm-none-eabi/7.2.1/thumb/v6-m\libgcc.a(floatsidf.o)
 .ARM.attributes
                0x0000049d       0x1e c:/ac6/systemworkbench/plugins/fr.ac6.mcu.externaltools.arm-none.win32_1.16.0.201807130628/tools/compiler/bin/../lib/gcc/arm-none-eabi/7.2.1/thumb/v6-m\libgcc.a(_clzsi2.o)
 .ARM.attributes
                0x000004bb       0x2c c:/ac6/systemworkbench/plugins/fr.ac6.mcu.externaltools.arm-none.win32_1.16.0.201807130628/tools/compiler/bin/../lib/gcc/arm-none-eabi/7.2.1/../../../../arm-none-eabi/lib/thumb/v6-m\libc.a(lib_a-impure.o)
 .ARM.attributes
                0x000004e7       0x2c c:/ac6/systemworkbench/plugins/fr.ac6.mcu.externaltools.arm-none.win32_1.16.0.201807130628/tools/compiler/bin/../lib/gcc/arm-none-eabi/7.2.1/../../../../arm-none-eabi/lib/thumb/v6-m\libc.a(lib_a-init.o)
 .ARM.attributes
                0x00000513       0x2c c:/ac6/systemworkbench/plugins/fr.ac6.mcu.externaltools.arm-none.win32_1.16.0.201807130628/tools/compiler/bin/../lib/gcc/arm-none-eabi/7.2.1/../../../../arm-none-eabi/lib/thumb/v6-m\libc.a(lib_a-itoa.o)
 .ARM.attributes
                0x0000053f       0x2c c:/ac6/systemworkbench/plugins/fr.ac6.mcu.externaltools.arm-none.win32_1.16.0.201807130628/tools/compiler/bin/../lib/gcc/arm-none-eabi/7.2.1/../../../../arm-none-eabi/lib/thumb/v6-m\libc.a(lib_a-memset.o)
 .ARM.attributes
                0x0000056b       0x1b c:/ac6/systemworkbench/plugins/fr.ac6.mcu.externaltools.arm-none.win32_1.16.0.201807130628/tools/compiler/bin/../lib/gcc/arm-none-eabi/7.2.1/../../../../arm-none-eabi/lib/thumb/v6-m\libc.a(lib_a-strcmp.o)
 .ARM.attributes
                0x00000586       0x2c c:/ac6/systemworkbench/plugins/fr.ac6.mcu.externaltools.arm-none.win32_1.16.0.201807130628/tools/compiler/bin/../lib/gcc/arm-none-eabi/7.2.1/../../../../arm-none-eabi/lib/thumb/v6-m\libc.a(lib_a-utoa.o)
 .ARM.attributes
                0x000005b2       0x2c c:/ac6/systemworkbench/plugins/fr.ac6.mcu.externaltools.arm-none.win32_1.16.0.201807130628/tools/compiler/bin/../lib/gcc/arm-none-eabi/7.2.1/../../../../arm-none-eabi/lib/thumb/v6-m\libc.a(lib_a-__call_atexit.o)
 .ARM.attributes
                0x000005de       0x2c c:/ac6/systemworkbench/plugins/fr.ac6.mcu.externaltools.arm-none.win32_1.16.0.201807130628/tools/compiler/bin/../lib/gcc/arm-none-eabi/7.2.1/../../../../arm-none-eabi/lib/thumb/v6-m\libc.a(lib_a-atexit.o)
 .ARM.attributes
                0x0000060a       0x2c c:/ac6/systemworkbench/plugins/fr.ac6.mcu.externaltools.arm-none.win32_1.16.0.201807130628/tools/compiler/bin/../lib/gcc/arm-none-eabi/7.2.1/../../../../arm-none-eabi/lib/thumb/v6-m\libc.a(lib_a-fini.o)
 .ARM.attributes
                0x00000636       0x2c c:/ac6/systemworkbench/plugins/fr.ac6.mcu.externaltools.arm-none.win32_1.16.0.201807130628/tools/compiler/bin/../lib/gcc/arm-none-eabi/7.2.1/../../../../arm-none-eabi/lib/thumb/v6-m\libc.a(lib_a-lock.o)
 .ARM.attributes
                0x00000662       0x2c c:/ac6/systemworkbench/plugins/fr.ac6.mcu.externaltools.arm-none.win32_1.16.0.201807130628/tools/compiler/bin/../lib/gcc/arm-none-eabi/7.2.1/../../../../arm-none-eabi/lib/thumb/v6-m\libc.a(lib_a-__atexit.o)
 .ARM.attributes
                0x0000068e       0x1e c:/ac6/systemworkbench/plugins/fr.ac6.mcu.externaltools.arm-none.win32_1.16.0.201807130628/tools/compiler/bin/../lib/gcc/arm-none-eabi/7.2.1/thumb/v6-m/crtn.o
OUTPUT(SmartKart.elf elf32-littlearm)

.debug_info     0x00000000     0x6932
 .debug_info    0x00000000      0x33b StdPeriph_Driver/src/stm32f0xx_exti.o
 .debug_info    0x0000033b      0x5f8 StdPeriph_Driver/src/stm32f0xx_gpio.o
 .debug_info    0x00000933      0x36e StdPeriph_Driver/src/stm32f0xx_misc.o
 .debug_info    0x00000ca1      0x9b8 StdPeriph_Driver/src/stm32f0xx_rcc.o
 .debug_info    0x00001659      0x2bc StdPeriph_Driver/src/stm32f0xx_syscfg.o
 .debug_info    0x00001915      0xe73 StdPeriph_Driver/src/stm32f0xx_usart.o
 .debug_info    0x00002788      0x845 src/SPILCD.o
 .debug_info    0x00002fcd      0xc85 src/adc.o
 .debug_info    0x00003c52     0x1066 src/main.o
 .debug_info    0x00004cb8      0x2d5 src/system_stm32f0xx.o
 .debug_info    0x00004f8d      0xa4d src/table.o
 .debug_info    0x000059da      0xf36 src/usartf0.o
 .debug_info    0x00006910       0x22 startup/startup_stm32f0xx.o

.debug_abbrev   0x00000000     0x1695
 .debug_abbrev  0x00000000      0x1a1 StdPeriph_Driver/src/stm32f0xx_exti.o
 .debug_abbrev  0x000001a1      0x18e StdPeriph_Driver/src/stm32f0xx_gpio.o
 .debug_abbrev  0x0000032f      0x145 StdPeriph_Driver/src/stm32f0xx_misc.o
 .debug_abbrev  0x00000474      0x206 StdPeriph_Driver/src/stm32f0xx_rcc.o
 .debug_abbrev  0x0000067a      0x154 StdPeriph_Driver/src/stm32f0xx_syscfg.o
 .debug_abbrev  0x000007ce      0x176 StdPeriph_Driver/src/stm32f0xx_usart.o
 .debug_abbrev  0x00000944      0x1b9 src/SPILCD.o
 .debug_abbrev  0x00000afd      0x283 src/adc.o
 .debug_abbrev  0x00000d80      0x2b9 src/main.o
 .debug_abbrev  0x00001039      0x138 src/system_stm32f0xx.o
 .debug_abbrev  0x00001171      0x257 src/table.o
 .debug_abbrev  0x000013c8      0x2bb src/usartf0.o
 .debug_abbrev  0x00001683       0x12 startup/startup_stm32f0xx.o

.debug_aranges  0x00000000      0x668
 .debug_aranges
                0x00000000       0x58 StdPeriph_Driver/src/stm32f0xx_exti.o
 .debug_aranges
                0x00000058       0x80 StdPeriph_Driver/src/stm32f0xx_gpio.o
 .debug_aranges
                0x000000d8       0x30 StdPeriph_Driver/src/stm32f0xx_misc.o
 .debug_aranges
                0x00000108      0x150 StdPeriph_Driver/src/stm32f0xx_rcc.o
 .debug_aranges
                0x00000258       0x58 StdPeriph_Driver/src/stm32f0xx_syscfg.o
 .debug_aranges
                0x000002b0      0x1a8 StdPeriph_Driver/src/stm32f0xx_usart.o
 .debug_aranges
                0x00000458       0xa0 src/SPILCD.o
 .debug_aranges
                0x000004f8       0x50 src/adc.o
 .debug_aranges
                0x00000548       0x48 src/main.o
 .debug_aranges
                0x00000590       0x30 src/system_stm32f0xx.o
 .debug_aranges
                0x000005c0       0x30 src/table.o
 .debug_aranges
                0x000005f0       0x50 src/usartf0.o
 .debug_aranges
                0x00000640       0x28 startup/startup_stm32f0xx.o

.debug_ranges   0x00000000      0x5b8
 .debug_ranges  0x00000000       0x48 StdPeriph_Driver/src/stm32f0xx_exti.o
 .debug_ranges  0x00000048       0x70 StdPeriph_Driver/src/stm32f0xx_gpio.o
 .debug_ranges  0x000000b8       0x20 StdPeriph_Driver/src/stm32f0xx_misc.o
 .debug_ranges  0x000000d8      0x140 StdPeriph_Driver/src/stm32f0xx_rcc.o
 .debug_ranges  0x00000218       0x48 StdPeriph_Driver/src/stm32f0xx_syscfg.o
 .debug_ranges  0x00000260      0x198 StdPeriph_Driver/src/stm32f0xx_usart.o
 .debug_ranges  0x000003f8       0x90 src/SPILCD.o
 .debug_ranges  0x00000488       0x40 src/adc.o
 .debug_ranges  0x000004c8       0x50 src/main.o
 .debug_ranges  0x00000518       0x20 src/system_stm32f0xx.o
 .debug_ranges  0x00000538       0x20 src/table.o
 .debug_ranges  0x00000558       0x40 src/usartf0.o
 .debug_ranges  0x00000598       0x20 startup/startup_stm32f0xx.o

.debug_macro    0x00000000     0x38b8
 .debug_macro   0x00000000      0x17e StdPeriph_Driver/src/stm32f0xx_exti.o
 .debug_macro   0x0000017e       0xb2 StdPeriph_Driver/src/stm32f0xx_exti.o
 .debug_macro   0x00000230      0x17c StdPeriph_Driver/src/stm32f0xx_gpio.o
 .debug_macro   0x000003ac      0x17f StdPeriph_Driver/src/stm32f0xx_gpio.o
 .debug_macro   0x0000052b      0x178 StdPeriph_Driver/src/stm32f0xx_misc.o
 .debug_macro   0x000006a3       0x34 StdPeriph_Driver/src/stm32f0xx_misc.o
 .debug_macro   0x000006d7      0x196 StdPeriph_Driver/src/stm32f0xx_rcc.o
 .debug_macro   0x0000086d      0x446 StdPeriph_Driver/src/stm32f0xx_rcc.o
 .debug_macro   0x00000cb3      0x178 StdPeriph_Driver/src/stm32f0xx_syscfg.o
 .debug_macro   0x00000e2b      0x11d StdPeriph_Driver/src/stm32f0xx_syscfg.o
 .debug_macro   0x00000f48      0x194 StdPeriph_Driver/src/stm32f0xx_usart.o
 .debug_macro   0x000010dc      0x347 StdPeriph_Driver/src/stm32f0xx_usart.o
 .debug_macro   0x00001423      0x195 src/SPILCD.o
 .debug_macro   0x000015b8      0x18a src/SPILCD.o
 .debug_macro   0x00001742       0x64 src/SPILCD.o
 .debug_macro   0x000017a6       0x22 src/SPILCD.o
 .debug_macro   0x000017c8      0x265 src/adc.o
 .debug_macro   0x00001a2d       0x58 src/adc.o
 .debug_macro   0x00001a85       0x17 src/adc.o
 .debug_macro   0x00001a9c       0x35 src/adc.o
 .debug_macro   0x00001ad1       0x9c src/adc.o
 .debug_macro   0x00001b6d      0x174 src/adc.o
 .debug_macro   0x00001ce1       0x58 src/adc.o
 .debug_macro   0x00001d39       0x1f src/adc.o
 .debug_macro   0x00001d58       0x43 src/adc.o
 .debug_macro   0x00001d9b       0x20 src/adc.o
 .debug_macro   0x00001dbb      0x18e src/adc.o
 .debug_macro   0x00001f49      0x330 src/adc.o
 .debug_macro   0x00002279      0x1e1 src/adc.o
 .debug_macro   0x0000245a       0x16 src/adc.o
 .debug_macro   0x00002470       0x35 src/adc.o
 .debug_macro   0x000024a5      0x2d4 src/adc.o
 .debug_macro   0x00002779      0x371 src/main.o
 .debug_macro   0x00002aea       0x52 src/main.o
 .debug_macro   0x00002b3c       0x8d src/main.o
 .debug_macro   0x00002bc9       0x16 src/main.o
 .debug_macro   0x00002bdf       0x57 src/main.o
 .debug_macro   0x00002c36       0x97 src/main.o
 .debug_macro   0x00002ccd       0xfd src/main.o
 .debug_macro   0x00002dca       0x10 src/main.o
 .debug_macro   0x00002dda       0x10 src/main.o
 .debug_macro   0x00002dea       0x1c src/main.o
 .debug_macro   0x00002e06       0x52 src/main.o
 .debug_macro   0x00002e58       0x40 src/main.o
 .debug_macro   0x00002e98       0x10 src/main.o
 .debug_macro   0x00002ea8       0x40 src/main.o
 .debug_macro   0x00002ee8       0xd7 src/main.o
 .debug_macro   0x00002fbf       0x1c src/main.o
 .debug_macro   0x00002fdb       0x3d src/main.o
 .debug_macro   0x00003018       0x16 src/main.o
 .debug_macro   0x0000302e      0x16f src/main.o
 .debug_macro   0x0000319d       0x16 src/main.o
 .debug_macro   0x000031b3       0x16 src/main.o
 .debug_macro   0x000031c9       0x29 src/main.o
 .debug_macro   0x000031f2      0x174 src/system_stm32f0xx.o
 .debug_macro   0x00003366      0x21b src/table.o
 .debug_macro   0x00003581      0x327 src/usartf0.o
 .debug_macro   0x000038a8       0x10 src/usartf0.o

.debug_line     0x00000000     0x5874
 .debug_line    0x00000000      0x645 StdPeriph_Driver/src/stm32f0xx_exti.o
 .debug_line    0x00000645      0x6d2 StdPeriph_Driver/src/stm32f0xx_gpio.o
 .debug_line    0x00000d17      0x5c9 StdPeriph_Driver/src/stm32f0xx_misc.o
 .debug_line    0x000012e0      0x902 StdPeriph_Driver/src/stm32f0xx_rcc.o
 .debug_line    0x00001be2      0x62f StdPeriph_Driver/src/stm32f0xx_syscfg.o
 .debug_line    0x00002211      0x9bc StdPeriph_Driver/src/stm32f0xx_usart.o
 .debug_line    0x00002bcd      0x815 src/SPILCD.o
 .debug_line    0x000033e2      0x765 src/adc.o
 .debug_line    0x00003b47      0x8fe src/main.o
 .debug_line    0x00004445      0x5e3 src/system_stm32f0xx.o
 .debug_line    0x00004a28      0x5bf src/table.o
 .debug_line    0x00004fe7      0x80c src/usartf0.o
 .debug_line    0x000057f3       0x81 startup/startup_stm32f0xx.o

.debug_str      0x00000000    0x34421
 .debug_str     0x00000000    0x2bc79 StdPeriph_Driver/src/stm32f0xx_exti.o
                              0x2bdfc (size before relaxing)
 .debug_str     0x0002bc79      0x2e3 StdPeriph_Driver/src/stm32f0xx_gpio.o
                              0x2bf2a (size before relaxing)
 .debug_str     0x0002bf5c      0x158 StdPeriph_Driver/src/stm32f0xx_misc.o
                              0x2bd94 (size before relaxing)
 .debug_str     0x0002c0b4      0x5fb StdPeriph_Driver/src/stm32f0xx_rcc.o
                              0x2c281 (size before relaxing)
 .debug_str     0x0002c6af      0x180 StdPeriph_Driver/src/stm32f0xx_syscfg.o
                              0x2bdb9 (size before relaxing)
 .debug_str     0x0002c82f      0x83c StdPeriph_Driver/src/stm32f0xx_usart.o
                              0x2c54f (size before relaxing)
 .debug_str     0x0002d06b      0x838 src/SPILCD.o
                              0x2c524 (size before relaxing)
 .debug_str     0x0002d8a3     0x5393 src/adc.o
                              0x317ef (size before relaxing)
 .debug_str     0x00032c36     0x14aa src/main.o
                              0x32ecc (size before relaxing)
 .debug_str     0x000340e0       0x72 src/system_stm32f0xx.o
                              0x2bd0a (size before relaxing)
 .debug_str     0x00034152       0x6c src/table.o
                               0x7e66 (size before relaxing)
 .debug_str     0x000341be      0x235 src/usartf0.o
                              0x30990 (size before relaxing)
 .debug_str     0x000343f3       0x2e startup/startup_stm32f0xx.o
                                 0x66 (size before relaxing)

.comment        0x00000000       0x7e
 .comment       0x00000000       0x7e StdPeriph_Driver/src/stm32f0xx_exti.o
                                 0x7f (size before relaxing)
 .comment       0x0000007e       0x7f StdPeriph_Driver/src/stm32f0xx_gpio.o
 .comment       0x0000007e       0x7f StdPeriph_Driver/src/stm32f0xx_misc.o
 .comment       0x0000007e       0x7f StdPeriph_Driver/src/stm32f0xx_rcc.o
 .comment       0x0000007e       0x7f StdPeriph_Driver/src/stm32f0xx_syscfg.o
 .comment       0x0000007e       0x7f StdPeriph_Driver/src/stm32f0xx_usart.o
 .comment       0x0000007e       0x7f src/SPILCD.o
 .comment       0x0000007e       0x7f src/adc.o
 .comment       0x0000007e       0x7f src/main.o
 .comment       0x0000007e       0x7f src/system_stm32f0xx.o
 .comment       0x0000007e       0x7f src/table.o
 .comment       0x0000007e       0x7f src/usartf0.o

.debug_frame    0x00000000     0x19b8
 .debug_frame   0x00000000      0x10c StdPeriph_Driver/src/stm32f0xx_exti.o
 .debug_frame   0x0000010c      0x1b0 StdPeriph_Driver/src/stm32f0xx_gpio.o
 .debug_frame   0x000002bc       0x70 StdPeriph_Driver/src/stm32f0xx_misc.o
 .debug_frame   0x0000032c      0x4e4 StdPeriph_Driver/src/stm32f0xx_rcc.o
 .debug_frame   0x00000810      0x10c StdPeriph_Driver/src/stm32f0xx_syscfg.o
 .debug_frame   0x0000091c      0x650 StdPeriph_Driver/src/stm32f0xx_usart.o
 .debug_frame   0x00000f6c      0x22c src/SPILCD.o
 .debug_frame   0x00001198       0xe0 src/adc.o
 .debug_frame   0x00001278       0xd0 src/main.o
 .debug_frame   0x00001348       0x6c src/system_stm32f0xx.o
 .debug_frame   0x000013b4       0x70 src/table.o
 .debug_frame   0x00001424       0xe8 src/usartf0.o
 .debug_frame   0x0000150c       0x20 c:/ac6/systemworkbench/plugins/fr.ac6.mcu.externaltools.arm-none.win32_1.16.0.201807130628/tools/compiler/bin/../lib/gcc/arm-none-eabi/7.2.1/thumb/v6-m\libgcc.a(_udivsi3.o)
 .debug_frame   0x0000152c       0x38 c:/ac6/systemworkbench/plugins/fr.ac6.mcu.externaltools.arm-none.win32_1.16.0.201807130628/tools/compiler/bin/../lib/gcc/arm-none-eabi/7.2.1/thumb/v6-m\libgcc.a(adddf3.o)
 .debug_frame   0x00001564       0x3c c:/ac6/systemworkbench/plugins/fr.ac6.mcu.externaltools.arm-none.win32_1.16.0.201807130628/tools/compiler/bin/../lib/gcc/arm-none-eabi/7.2.1/thumb/v6-m\libgcc.a(divdf3.o)
 .debug_frame   0x000015a0       0x38 c:/ac6/systemworkbench/plugins/fr.ac6.mcu.externaltools.arm-none.win32_1.16.0.201807130628/tools/compiler/bin/../lib/gcc/arm-none-eabi/7.2.1/thumb/v6-m\libgcc.a(eqdf2.o)
 .debug_frame   0x000015d8       0x38 c:/ac6/systemworkbench/plugins/fr.ac6.mcu.externaltools.arm-none.win32_1.16.0.201807130628/tools/compiler/bin/../lib/gcc/arm-none-eabi/7.2.1/thumb/v6-m\libgcc.a(gedf2.o)
 .debug_frame   0x00001610       0x38 c:/ac6/systemworkbench/plugins/fr.ac6.mcu.externaltools.arm-none.win32_1.16.0.201807130628/tools/compiler/bin/../lib/gcc/arm-none-eabi/7.2.1/thumb/v6-m\libgcc.a(ledf2.o)
 .debug_frame   0x00001648       0x3c c:/ac6/systemworkbench/plugins/fr.ac6.mcu.externaltools.arm-none.win32_1.16.0.201807130628/tools/compiler/bin/../lib/gcc/arm-none-eabi/7.2.1/thumb/v6-m\libgcc.a(muldf3.o)
 .debug_frame   0x00001684       0x3c c:/ac6/systemworkbench/plugins/fr.ac6.mcu.externaltools.arm-none.win32_1.16.0.201807130628/tools/compiler/bin/../lib/gcc/arm-none-eabi/7.2.1/thumb/v6-m\libgcc.a(subdf3.o)
 .debug_frame   0x000016c0       0x2c c:/ac6/systemworkbench/plugins/fr.ac6.mcu.externaltools.arm-none.win32_1.16.0.201807130628/tools/compiler/bin/../lib/gcc/arm-none-eabi/7.2.1/thumb/v6-m\libgcc.a(fixdfsi.o)
 .debug_frame   0x000016ec       0x2c c:/ac6/systemworkbench/plugins/fr.ac6.mcu.externaltools.arm-none.win32_1.16.0.201807130628/tools/compiler/bin/../lib/gcc/arm-none-eabi/7.2.1/thumb/v6-m\libgcc.a(floatsidf.o)
 .debug_frame   0x00001718       0x2c c:/ac6/systemworkbench/plugins/fr.ac6.mcu.externaltools.arm-none.win32_1.16.0.201807130628/tools/compiler/bin/../lib/gcc/arm-none-eabi/7.2.1/../../../../arm-none-eabi/lib/thumb/v6-m\libc.a(lib_a-init.o)
 .debug_frame   0x00001744       0x40 c:/ac6/systemworkbench/plugins/fr.ac6.mcu.externaltools.arm-none.win32_1.16.0.201807130628/tools/compiler/bin/../lib/gcc/arm-none-eabi/7.2.1/../../../../arm-none-eabi/lib/thumb/v6-m\libc.a(lib_a-itoa.o)
 .debug_frame   0x00001784       0x30 c:/ac6/systemworkbench/plugins/fr.ac6.mcu.externaltools.arm-none.win32_1.16.0.201807130628/tools/compiler/bin/../lib/gcc/arm-none-eabi/7.2.1/../../../../arm-none-eabi/lib/thumb/v6-m\libc.a(lib_a-memset.o)
 .debug_frame   0x000017b4       0x20 c:/ac6/systemworkbench/plugins/fr.ac6.mcu.externaltools.arm-none.win32_1.16.0.201807130628/tools/compiler/bin/../lib/gcc/arm-none-eabi/7.2.1/../../../../arm-none-eabi/lib/thumb/v6-m\libc.a(lib_a-strcmp.o)
 .debug_frame   0x000017d4       0x50 c:/ac6/systemworkbench/plugins/fr.ac6.mcu.externaltools.arm-none.win32_1.16.0.201807130628/tools/compiler/bin/../lib/gcc/arm-none-eabi/7.2.1/../../../../arm-none-eabi/lib/thumb/v6-m\libc.a(lib_a-utoa.o)
 .debug_frame   0x00001824       0x54 c:/ac6/systemworkbench/plugins/fr.ac6.mcu.externaltools.arm-none.win32_1.16.0.201807130628/tools/compiler/bin/../lib/gcc/arm-none-eabi/7.2.1/../../../../arm-none-eabi/lib/thumb/v6-m\libc.a(lib_a-__call_atexit.o)
 .debug_frame   0x00001878       0x28 c:/ac6/systemworkbench/plugins/fr.ac6.mcu.externaltools.arm-none.win32_1.16.0.201807130628/tools/compiler/bin/../lib/gcc/arm-none-eabi/7.2.1/../../../../arm-none-eabi/lib/thumb/v6-m\libc.a(lib_a-atexit.o)
 .debug_frame   0x000018a0       0x2c c:/ac6/systemworkbench/plugins/fr.ac6.mcu.externaltools.arm-none.win32_1.16.0.201807130628/tools/compiler/bin/../lib/gcc/arm-none-eabi/7.2.1/../../../../arm-none-eabi/lib/thumb/v6-m\libc.a(lib_a-fini.o)
 .debug_frame   0x000018cc       0xb0 c:/ac6/systemworkbench/plugins/fr.ac6.mcu.externaltools.arm-none.win32_1.16.0.201807130628/tools/compiler/bin/../lib/gcc/arm-none-eabi/7.2.1/../../../../arm-none-eabi/lib/thumb/v6-m\libc.a(lib_a-lock.o)
 .debug_frame   0x0000197c       0x3c c:/ac6/systemworkbench/plugins/fr.ac6.mcu.externaltools.arm-none.win32_1.16.0.201807130628/tools/compiler/bin/../lib/gcc/arm-none-eabi/7.2.1/../../../../arm-none-eabi/lib/thumb/v6-m\libc.a(lib_a-__atexit.o)
